http://iboxbd.live/=0
https://tonkiang.us/=0
https://streamtest.in/=0
